<!DOCTYPE html><html><head><title>test</title><script>console.log('inline');</script><script src="https://cdn/jquery.js"></script><script>console.log('test');</script></head><body></body></html>